mifs[9]: 564 files, 12 directories
mifs[9]: Total bytes     :  122185728
mifs[9]: Bytes used      :   27102720
mifs[9]: Bytes available :   95083008
mifs[9]: mifs fsck took 34 seconds.
...done Initializing Flash.
Loading "flash:/c3560cx-universalk9-mz.152-4.E6/c3560cx-universalk9-mz.152-4.E6.bin"...Verifying image flash:/c3560cx-universalk9-mz.152-4.E6/c3560cx-universalk9-mz.152-4.E6.bin.........................................................................................................................................................................................................................................................................................................................................Image passed digital signature verification
$$$$$$$$$$$$$$$$$$$$$$$$$$$$$$$$$$$$$$$$$$$$$$$$$$$$$$$$$$$$$$$$$$$$$$$$$$$$$$$$$$$$$$$$$$$$$$$$$$$$$$$$$$$$$$$$$$$$$$$$$$$$$$$$$$$$$$$$$$$$$$$$$$$$$$$$$$$$$$$$$$$$$$$$$$$$$$$$$$$$$$$$$$$$$$$$$$$$$$$$$$$$$$$$
File "flash:/c3560cx-universalk9-mz.152-4.E6/c3560cx-universalk9-mz.152-4.E6.bin" uncompressed and installed, entry point: 0x3000
executing...

              Restricted Rights Legend

Use, duplication, or disclosure by the Government is
subject to restrictions as set forth in subparagraph
(c) of the Commercial Computer Software - Restricted
Rights clause at FAR sec. 52.227-19 and subparagraph
(c) (1) (ii) of the Rights in Technical Data and Computer
Software clause at DFARS sec. 252.227-7013.

           cisco Systems, Inc.
           170 West Tasman Drive
           San Jose, California 95134-1706



Cisco IOS Software, C3560CX Software (C3560CX-UNIVERSALK9-M), Version 15.2(4)E6, RELEASE SOFTWARE (fc4)
Technical Support: http://www.cisco.com/techsupport
Copyright (c) 1986-2018 by Cisco Systems, Inc.
Compiled Thu 05-Apr-18 03:17 by prod_rel_team
Initializing flashfs...
Using driver version 4 for media type 1
mifs[7]: 12 files, 1 directories
mifs[7]: Total bytes     : 1806336   
mifs[7]: Bytes used      : 826368    
mifs[7]: Bytes available : 979968    
mifs[7]: mifs fsck took 0 seconds.
mifs[7]: Initialization complete.

mifs[8]: 2 files, 1 directories
mifs[8]: Total bytes     : 3870720   
mifs[8]: Bytes used      : 1516544   
mifs[8]: Bytes available : 2354176   
mifs[8]: mifs fsck took 0 seconds.
mifs[8]: Initialization complete.

mifs[9]: 5 files, 1 directories
mifs[9]: Total bytes     : 258048    
mifs[9]: Bytes used      : 8192      
mifs[9]: Bytes available : 249856    
mifs[9]: mifs fsck took 0 seconds.
mifs[9]: Initialization complete.

mifs[10]: 5 files, 1 directories
mifs[10]: Total bytes     : 258048    
mifs[10]: Bytes used      : 8192      
mifs[10]: Bytes available : 249856    
mifs[10]: mifs fsck took 1 seconds.
mifs[10]: Initialization complete.

mifs[11]: 564 files, 12 directories
mifs[11]: Total bytes     : 122185728 
mifs[11]: Bytes used      : 27102720  
mifs[11]: Bytes available : 95083008  
mifs[11]: mifs fsck took 1 seconds.
mifs[11]: Initialization complete.

...done Initializing flashfs.
Checking for Bootloader upgrade..
Boot Loader upgrade not needed(v)


FIPS: Flash Key Check : Begin
FIPS: Flash Key Check : End, Not Found, FIPS Mode Not Enabled

extracting front_end/front_end_ucode_info (43 bytes)
POST: MA BIST : Begin
POST: MA BIST : End, Status Passed

POST: TCAM BIST : Begin
POST: TCAM BIST : End, Status Passed

POST: ACT2 Authentication : Begin
POST: ACT2 Authentication : End, Status Passed
POST: PortASIC Port Loopback Tests : Begin
POST: PortASIC Port Loopback Tests : End, Status Passed

POST: PortASIC Macsec Loopback Tests : Begin
POST: PortASIC Macsec Loopback Tests : End, Status Passed

Waiting for Port download...Complete
Initializing Port Extension Feature Support...


This product contains cryptographic features and is subject to United
States and local country laws governing import, export, transfer and
use. Delivery of Cisco cryptographic products does not imply
third-party authority to import, export, distribute or use encryption.
Importers, exporters, distributors and users are responsible for
compliance with U.S. and local country laws. By using this product you
agree to comply with applicable laws and regulations. If you are unable
to comply with U.S. and local laws, return this product immediately.

A summary of U.S. laws governing Cisco cryptographic products may be found at:
http://www.cisco.com/wwl/export/crypto/tool/stqrg.html

If you require further assistance please contact us by sending email to
export@cisco.com.

cisco WS-C3560CX-8PC-S (APM86XXX) processor (revision L0) with 524288K bytes of memory.
Processor board ID FOC2313T4SZ
Last reset from power-on
1 Virtual Ethernet interface
12 Gigabit Ethernet interfaces
The password-recovery mechanism is enabled.

512K bytes of flash-simulated non-volatile configuration memory.
Base ethernet MAC Address       : AC:F5:E6:32:EB:80
Motherboard assembly number     : 73-100859-04
Power supply part number        : 341-0675-02
Motherboard serial number       : FOC23122026
Power supply serial number      : LIT23023HP6
Model revision number           : L0
Motherboard revision number     : C0
Model number                    : WS-C3560CX-8PC-S
System serial number            : FOC2313T4SZ
Top Assembly Part Number        : 68-100567-01
Top Assembly Revision Number    : E0
Version ID                      : V03
CLEI Code Number                : CMM1S10DRB
Hardware Board Revision Number  : 0x09


Switch Ports Model                     SW Version            SW Image                 
------ ----- -----                     ----------            ----------               
*    1 12    WS-C3560CX-8PC-S          15.2(4)E6             C3560CX-UNIVERSALK9-M    




Press RETURN to get started!


*Mar  1 00:00:28.685: Read env variable - LICENSE_BOOT_LEVEL = ipservices
*Jan  2 00:00:00.513: %IOS_LICENSE_IMAGE_APPLICATION-6-LICENSE_LEVEL: Module name = c3560cx Next reboot level = ipbase and License = No valid license found
Jul  4 02:00:28.974: %SMI-5-CLIENT:  Smart Install Client feature is enabled. It is recommended to disable the Smart Install feature when it is not actively used. To disable feature execute 'no vstack' in configuration mode
Jul  4 02:00:29.641: %LINEPROTO-5-UPDOWN: Line protocol on Interface Vlan1, changed state to down
Jul  4 02:00:31.071: %SPANTREE-5-EXTENDED_SYSID: Extended SysId enabled for type vlan
Jul  4 02:00:55.038: %SYS-5-RESTART: System restarted --
Cisco IOS Software, C3560CX Software (C3560CX-UNIVERSALK9-M), Version 15.2(4)E6, RELEASE SOFTWARE (fc4)
Technical Support: http://www.cisco.com/techsupport
Copyright (c) 1986-2018 by Cisco Systems, Inc.
Compiled Thu 05-Apr-18 03:17 by prod_rel_team
Jul  4 02:00:58.904: %USB_CONSOLE-6-MEDIA_RJ45: Console media-type is RJ45.


         --- System Configuration Dialog ---

Enable secret warning
----------------------------------
In order to access the device manager, an enable secret is required
If you enter the initial configuration dialog, you will be prompted for the enable secret
If you choose not to enter the intial configuration dialog, or if you exit setup without setting the enable secret,
please set an enable secret using the following CLI in configuration mode-
enable secret 0 <cleartext password>
----------------------------------
Would you like to enter the initial configuration dialog? [yes/no]: no
Switch>enable
Switch#terminal length 0
Switch#show running-config
Jul  4 02:03:06.571: SMI Director is not configured, disabling SMI
Jul  4 02:03:06.571: disable_smartinstall_operation:Disabling SMI
Building configuration...

Current configuration : 985 bytes
!
! Last configuration change at 02:00:55 UTC Fri Jul 4 2008
!
version 15.2
no service pad
service timestamps debug datetime msec
service timestamps log datetime msec
no service password-encryption
!
hostname Switch
!
boot-start-marker
boot-end-marker
!
!
no aaa new-model
system mtu routing 1500
!
!
!
!
!
!
!
!
!
!
!
!
!
!
!
spanning-tree mode rapid-pvst
spanning-tree extend system-id
!
!
!
!
vlan internal allocation policy ascending
!
!
! 
!
!
!
!
!
!
!
!
!
interface GigabitEthernet0/1
!
interface GigabitEthernet0/2
!
interface GigabitEthernet0/3
!
interface GigabitEthernet0/4
!
interface GigabitEthernet0/5
!
interface GigabitEthernet0/6
!
interface GigabitEthernet0/7
!
interface GigabitEthernet0/8
!
interface GigabitEthernet0/9
!
interface GigabitEthernet0/10
!
interface GigabitEthernet0/11
!
interface GigabitEthernet0/12
!
interface Vlan1
 no ip address
!
ip forward-protocol nd
ip http server
ip http secure-server
!
!
!
!
no vstack
!
line con 0
line vty 5 15
!
!
end

Switch#
Switch#configure terminal
Enter configuration commands, one per line.  End with CNTL/Z.
Switch(config)#hostname SWb^@
SWb(config)#2hostname SW_2
SWb#
Jul  4 02:03:55.393: %SYS-5-CONFIG_I: Configured from console by console
SWb#hostname SW_2
     ^
% Invalid input detected at '^' marker.

SWb##configure terminal
SWb#configure terminal
Enter configuration commands, one per line.  End with CNTL/Z.
SWb(config)#hostname SW_2
SW_2(config)#
SW_2(config)#
SW_2(config)#enable secret cisco
SW_2(config)#no ip domain-lookup
SW_2(config)#service password-encryption
SW_2(config)#line con 0
SW_2(config-line)#logging synchronous
SW_2(config-line)#line vty 0 4
SW_2(config-line)#password cisco
SW_2(config-line)#transport input all
SW_2(config-line)#login
SW_2(config-line)#exit
SW_2(config)#
SW_2(config)#
SW_2(config)#interface vlan1
SW_2(config-if)#ip address 192.168.0.21 255.255.255.240
SW_2(config-if)#no shutdown
SW_2(config-if)#exit
SW_2(config)#ip default-gateway 192.168.0.31 255.255.255.240
                                             ^
% Invalid input detected at '^' marker.

SW_2(config)#ip default-gateway 192.168.0.31 
SW_2(config)#copy runningu-config startup-config
               ^
% Invalid input detected at '^' marker.

SW_2(config)#exit
SW_2#
SW_2#
Jul  4 02:09:24.779: %SYS-5-CONFIG_I: Configured from console by console
SW_2#copy runningu-config startup-config
Destination filename [startup-config]? 
%Error opening flash:runningu-config (No such file or directory)
SW_2#a
% Ambiguous command:  "a"
SW_2#show running-config
Building configuration...

Current configuration : 1199 bytes
!
! Last configuration change at 02:09:24 UTC Fri Jul 4 2008
!
version 15.2
no service pad
service timestamps debug datetime msec
service timestamps log datetime msec
service password-encryption
!
hostname SW_2
!
boot-start-marker
boot-end-marker
!
enable secret 5 $1$Sn4U$c/3SH6ioeVElcZQU7eQey.
!
no aaa new-model
system mtu routing 1500
!
!
!
!
!
!
no ip domain-lookup
!
!
!
!
!
!
!
!
!
spanning-tree mode rapid-pvst
spanning-tree extend system-id
!
!
!
!
vlan internal allocation policy ascending
!
!
! 
!
!
!
!
!
!
!
!
!
interface GigabitEthernet0/1
!
interface GigabitEthernet0/2
!
interface GigabitEthernet0/3
!
interface GigabitEthernet0/4
!
interface GigabitEthernet0/5
!
interface GigabitEthernet0/6
!
interface GigabitEthernet0/7
!
interface GigabitEthernet0/8
!
interface GigabitEthernet0/9
!
interface GigabitEthernet0/10
!
interface GigabitEthernet0/11
!
interface GigabitEthernet0/12
!
interface Vlan1
 ip address 192.168.0.21 255.255.255.240
!
ip default-gateway 192.168.0.31
ip forward-protocol nd
ip http server
ip http secure-server
!
!
!
!
no vstack
!
line con 0
 logging synchronous
line vty 0 4
 password 7 070C285F4D06
 login
 transport input all
line vty 5 15
 login
!
!
end

SW_2#exit





























































SW_2 con0 is now available





Press RETURN to get started.







SW_2>